// Jest Snapshot v1, https://goo.gl/fbAQLP

exports[`Icons Component should render Icon when Feather 1`] = `[Function]`;

exports[`Icons Component should render Icon when Octicons 1`] = `
<Text
  allowFontScaling={false}
  selectable={false}
  style={
    [
      {
        "color": undefined,
        "fontSize": 12,
      },
      undefined,
      {
        "fontFamily": "octicons",
        "fontStyle": "normal",
        "fontWeight": "normal",
      },
      {},
    ]
  }
>
  ï†„
</Text>
`;
