// Jest Snapshot v1, https://goo.gl/fbAQLP

exports[`renders correctly 1`] = `
<Text
  className="  urbanist  text-txt-primary dark:text-txt-dark"
>
  Snapshot test!
</Text>
`;
